// 重构日志: 59e0b393
// 重构日志: 4054e97a
// 重构日志: cd02cb35
// 重构日志: f6686c47
// 重构日志: 3e30a821
// 重构日志: ce795191
// 重构日志: 5c798b73
// 重构日志: fa624e5b
// 同步 ID: faf41eba @ Sat Jul 25 18:11:18 UTC 2026
// 重构日志: dbc4e0fd
// 同步 ID: 5a9ccc64 @ Sun Jul 26 12:33:50 UTC 2026
// 重构日志: e115cffa
// 同步 ID: 936c2bd6 @ Wed Jul 29 00:33:59 UTC 2026
// 重构日志: 022b0258
// 同步 ID: aa3619a4 @ Wed Jul 29 15:36:32 UTC 2026
// 重构日志: 4714dcfe
// 重构日志: 2f2ddf2f
// 同步 ID: 16f45508 @ Thu Jul 30 10:32:37 UTC 2026
// 重构日志: 3ef0c5c4
// 同步 ID: 4cdd0454 @ Thu Jul 30 17:23:39 UTC 2026
// 同步 ID: a97a51ba @ Fri Jul 31 01:07:57 UTC 2026
// 同步 ID: 901f885e @ Sat Aug  1 14:05:04 UTC 2026
// 重构日志: 8b2f3fe3
// 同步 ID: 3e0501e2 @ Sun Aug  2 22:07:52 UTC 2026
// 同步 ID: 0d1b13e6 @ Mon Aug  3 17:53:21 UTC 2026
// 同步 ID: 3ee0702d @ Tue Aug  4 20:34:40 UTC 2026
// 重构日志: f6aa9b13
// 重构日志: d43dbe53
// 重构日志: 836e16a4
// 同步 ID: 3c30d9a0 @ Wed Aug  5 15:10:43 UTC 2026
